<html>
<body>
<pre>
<h1>µVision Build Log</h1>
<h2>Tool Versions:</h2>
IDE-Version: µVision V5.24.2.0
Copyright (C) 2017 ARM Ltd and ARM Germany GmbH. All rights reserved.
License Information: Udo Schader, Hochschule Coburg, LIC=PF8PE-5XDA0-XEQHI-RNTWV-95MI8-37TFM
 
Tool Versions:
Toolchain:       MDK-ARM Essential  Version: 5.24.1
Toolchain Path:  C:\Keil_v5\ARM\ARMCC\Bin
C Compiler:      Armcc.exe V5.06 update 5 (build 528)
Assembler:       Armasm.exe V5.06 update 5 (build 528)
Linker/Locator:  ArmLink.exe V5.06 update 5 (build 528)
Library Manager: ArmAr.exe V5.06 update 5 (build 528)
Hex Converter:   FromElf.exe V5.06 update 5 (build 528)
CPU DLL:         SARMCM3.DLL V5.24.1
Dialog DLL:      DARMP1.DLL V1.27.0.0
Target DLL:      UL2CM3.DLL V1.160.3.0
Dialog DLL:      TARMP1.DLL V1.26.0.0
 
<h2>Project:</h2>
D:\felsecker_gutmair_schwarzmann\aeisy\blinky\blinky.uvproj
Project File Date:  05/17/2018

<h2>Output:</h2>
*** Using Compiler 'V5.06 update 5 (build 528)', folder: 'C:\Keil_v5\ARM\ARMCC\Bin'
Rebuild target 'Target 1'
assembling startup_LPC177x_8x.s...
compiling core_cm3.c...
compiling helpers.c...
compiling main.c...
sonic.h(8): warning:  #1295-D: Deprecated declaration sonic_init - give arg types
  void sonic_init();
timer.h(7): warning:  #1295-D: Deprecated declaration timer_init - give arg types
  void timer_init();
timer.h(8): warning:  #1295-D: Deprecated declaration timer_start - give arg types
  void timer_start();
timer.h(9): warning:  #1295-D: Deprecated declaration timer_stop - give arg types
  uint32_t timer_stop();
timer.h(11): warning:  #1-D: last line of file ends without a newline
  #endif
compass.h(12): warning:  #1-D: last line of file ends without a newline
  #endif
main.c(100): warning:  #1-D: last line of file ends without a newline
  }
main.c(98): warning:  #128-D: loop is not reachable
  	while(1);		
main.c(12): warning:  #177-D: variable "i"  was declared but never referenced
  	uint16_t i;
main.c(33): warning:  #177-D: variable "a"  was declared but never referenced
  	point a = {.x = 10, .y = 1};
main.c(34): warning:  #177-D: variable "b"  was declared but never referenced
  	point b = {.x = 240, .y  = 128};
main.c(35): warning:  #177-D: variable "c"  was declared but never referenced
  	point c = {.x = 120, .y = 0};
main.c(36): warning:  #177-D: variable "m"  was declared but never referenced
  	point m = {.x = 120, .y = 64};
main.c: 13 warnings, 0 errors
compiling timer.c...
timer.h(7): warning:  #1295-D: Deprecated declaration timer_init - give arg types
  void timer_init();
timer.h(8): warning:  #1295-D: Deprecated declaration timer_start - give arg types
  void timer_start();
timer.h(9): warning:  #1295-D: Deprecated declaration timer_stop - give arg types
  uint32_t timer_stop();
timer.h(11): warning:  #1-D: last line of file ends without a newline
  #endif
timer.c: 4 warnings, 0 errors
compiling sonic.c...
sonic.h(8): warning:  #1295-D: Deprecated declaration sonic_init - give arg types
  void sonic_init();
timer.h(7): warning:  #1295-D: Deprecated declaration timer_init - give arg types
  void timer_init();
timer.h(8): warning:  #1295-D: Deprecated declaration timer_start - give arg types
  void timer_start();
timer.h(9): warning:  #1295-D: Deprecated declaration timer_stop - give arg types
  uint32_t timer_stop();
timer.h(11): warning:  #1-D: last line of file ends without a newline
  #endif
sonic.c(15): warning:  #550-D: variable "p"  was set but never used
  	point p;
sonic.c: 6 warnings, 0 errors
compiling system_LPC177x_8x.c...
compiling compass.c...
compass.h(12): warning:  #1-D: last line of file ends without a newline
  #endif
compass.c(43): warning:  #940-D: missing return statement at end of non-void function "get_pitch" 
  }
compass.c(46): warning:  #1-D: last line of file ends without a newline
  }
compass.c(46): warning:  #940-D: missing return statement at end of non-void function "get_roll" 
  }
compass.c: 4 warnings, 0 errors
compiling lcd.c...
linking...
Program Size: Code=2152 RO-data=288 RW-data=16 ZI-data=1632  
".\Objects\blinky.axf" - 0 Error(s), 27 Warning(s).
Build Time Elapsed:  00:00:00
</pre>
</body>
</html>
