<html>
<body>
<pre>
<h1>µVision Build Log</h1>
<h2>Tool Versions:</h2>
IDE-Version: µVision V5.24.2.0
Copyright (C) 2017 ARM Ltd and ARM Germany GmbH. All rights reserved.
License Information: Udo Schader, Hochschule Coburg, LIC=PF8PE-5XDA0-XEQHI-RNTWV-95MI8-37TFM
 
Tool Versions:
Toolchain:       MDK-ARM Essential  Version: 5.24.1
Toolchain Path:  C:\Keil_v5\ARM\ARMCC\Bin
C Compiler:      Armcc.exe V5.06 update 5 (build 528)
Assembler:       Armasm.exe V5.06 update 5 (build 528)
Linker/Locator:  ArmLink.exe V5.06 update 5 (build 528)
Library Manager: ArmAr.exe V5.06 update 5 (build 528)
Hex Converter:   FromElf.exe V5.06 update 5 (build 528)
CPU DLL:         SARMCM3.DLL V5.24.1
Dialog DLL:      DARMP1.DLL V1.27.0.0
Target DLL:      UL2CM3.DLL V1.160.3.0
Dialog DLL:      TARMP1.DLL V1.26.0.0
 
<h2>Project:</h2>
D:\felsecker_gutmair_schwarzmann\aeisy\blinky\blinky.uvproj
Project File Date:  04/05/2018

<h2>Output:</h2>
*** Using Compiler 'V5.06 update 5 (build 528)', folder: 'C:\Keil_v5\ARM\ARMCC\Bin'
Rebuild target 'Target 1'
assembling startup_LPC177x_8x.s...
compiling core_cm3.c...
compiling system_LPC177x_8x.c...
compiling main.c...
main.c(19): warning:  #1295-D: Deprecated declaration lcd_rdy - give arg types
  int lcd_rdy();
main.c(20): warning:  #1295-D: Deprecated declaration lcd_init - give arg types
  void lcd_init();
main.c(26): warning:  #1295-D: Deprecated declaration lcd_clr - give arg types
  void lcd_clr();
main.c(33): warning:  #177-D: variable "i"  was declared but never referenced
  	uint16_t i;
main.c(63): warning:  #940-D: missing return statement at end of non-void function "load_bmp" 
  }
main.c(84): warning:  #940-D: missing return statement at end of non-void function "set_pixel" 
  }
main.c(69): warning:  #550-D: variable "setbit"  was set but never used
  	uint8_t high, low, cmd, setbit;
main.c: 7 warnings, 0 errors
linking...
Program Size: Code=7076 RO-data=404 RW-data=16 ZI-data=1632  
".\Objects\blinky.axf" - 0 Error(s), 7 Warning(s).
Build Time Elapsed:  00:00:00
</pre>
</body>
</html>
