Component: ARM Compiler 5.06 update 5 (build 528) Tool: armlink [4d35e2]

==============================================================================

Section Cross References

    startup_lpc177x_8x.o(STACK) refers (Special) to heapauxi.o(.text) for __use_two_region_memory
    startup_lpc177x_8x.o(HEAP) refers (Special) to heapauxi.o(.text) for __use_two_region_memory
    startup_lpc177x_8x.o(RESET) refers (Special) to heapauxi.o(.text) for __use_two_region_memory
    startup_lpc177x_8x.o(RESET) refers to startup_lpc177x_8x.o(STACK) for __initial_sp
    startup_lpc177x_8x.o(RESET) refers to startup_lpc177x_8x.o(.text) for Reset_Handler
    startup_lpc177x_8x.o(.ARM.__at_0x02FC) refers (Special) to heapauxi.o(.text) for __use_two_region_memory
    startup_lpc177x_8x.o(.text) refers (Special) to heapauxi.o(.text) for __use_two_region_memory
    startup_lpc177x_8x.o(.text) refers to system_lpc177x_8x.o(i.SystemInit) for SystemInit
    startup_lpc177x_8x.o(.text) refers to __main.o(!!!main) for __main
    startup_lpc177x_8x.o(.text) refers to startup_lpc177x_8x.o(HEAP) for Heap_Mem
    startup_lpc177x_8x.o(.text) refers to startup_lpc177x_8x.o(STACK) for Stack_Mem
    system_lpc177x_8x.o(i.SystemCoreClockUpdate) refers to system_lpc177x_8x.o(.data) for .data
    main.o(i.main) refers to lcd.o(i.lcd_init) for lcd_init
    main.o(i.main) refers to sonic.o(i.sonic_init) for sonic_init
    main.o(i.main) refers to lcd.o(i.lcd_clr) for lcd_clr
    main.o(i.main) refers to sonic.o(i.sonic_measure) for sonic_measure
    lcd.o(i.clr_pixel) refers to lcd.o(i.send_d2_cmd) for send_d2_cmd
    lcd.o(i.clr_pixel) refers to lcd.o(i.send_cmd) for send_cmd
    lcd.o(i.clr_pixel) refers to lcd.o(.data) for .data
    lcd.o(i.clr_rectangle) refers to lcd.o(i.clr_pixel) for clr_pixel
    lcd.o(i.draw_circle) refers to dflt_clz.o(x$fpl$dfltu) for __aeabi_ui2d
    lcd.o(i.draw_circle) refers to dflt_clz.o(x$fpl$dflt) for __aeabi_i2d
    lcd.o(i.draw_circle) refers to pow.o(i.pow) for pow
    lcd.o(i.draw_circle) refers to daddsub_clz.o(x$fpl$dadd) for __aeabi_dadd
    lcd.o(i.draw_circle) refers to sqrt.o(i.sqrt) for sqrt
    lcd.o(i.draw_circle) refers to dleqf.o(x$fpl$dleqf) for __aeabi_cdcmple
    lcd.o(i.draw_circle) refers to lcd.o(i.set_pixel) for set_pixel
    lcd.o(i.draw_circle) refers to drleqf.o(x$fpl$drleqf) for __aeabi_cdrcmple
    lcd.o(i.draw_rectangle) refers to lcd.o(i.set_pixel) for set_pixel
    lcd.o(i.draw_triangle) refers to lcd.o(i.set_pixel) for set_pixel
    lcd.o(i.lcd_clr) refers to lcd.o(i.send_d2_cmd) for send_d2_cmd
    lcd.o(i.lcd_clr) refers to lcd.o(i.send_d1_cmd) for send_d1_cmd
    lcd.o(i.lcd_init) refers to lcd.o(i.send_d2_cmd) for send_d2_cmd
    lcd.o(i.lcd_init) refers to lcd.o(i.send_cmd) for send_cmd
    lcd.o(i.lcd_init) refers to lcd.o(i.lcd_clr) for lcd_clr
    lcd.o(i.lcd_print_string) refers to lcd.o(i.send_d2_cmd) for send_d2_cmd
    lcd.o(i.lcd_print_string) refers to lcd.o(i.lcd_write) for lcd_write
    lcd.o(i.lcd_rdy) refers to lcd.o(.data) for .data
    lcd.o(i.lcd_write) refers to lcd.o(i.send_d1_cmd) for send_d1_cmd
    lcd.o(i.load_bmp) refers to lcd.o(i.send_d2_cmd) for send_d2_cmd
    lcd.o(i.load_bmp) refers to lcd.o(i.send_d1_cmd) for send_d1_cmd
    lcd.o(i.send_cmd) refers to lcd.o(i.lcd_rdy) for lcd_rdy
    lcd.o(i.send_cmd) refers to lcd.o(.data) for .data
    lcd.o(i.send_d1_cmd) refers to lcd.o(i.lcd_rdy) for lcd_rdy
    lcd.o(i.send_d1_cmd) refers to lcd.o(.data) for .data
    lcd.o(i.send_d2_cmd) refers to lcd.o(i.lcd_rdy) for lcd_rdy
    lcd.o(i.send_d2_cmd) refers to lcd.o(.data) for .data
    lcd.o(i.set_pixel) refers to lcd.o(i.send_d2_cmd) for send_d2_cmd
    lcd.o(i.set_pixel) refers to lcd.o(i.send_cmd) for send_cmd
    lcd.o(i.set_pixel) refers to lcd.o(.data) for .data
    sonic.o(i.sonic_measure) refers to lcd.o(i.draw_rectangle) for draw_rectangle
    sonic.o(i.sonic_measure) refers to lcd.o(i.clr_rectangle) for clr_rectangle
    __main.o(!!!main) refers to __rtentry.o(.ARM.Collect$$rtentry$$00000000) for __rt_entry
    daddsub_clz.o(x$fpl$dadd) refers (Special) to usenofp.o(x$fpl$usenofp) for __I$use$fp
    daddsub_clz.o(x$fpl$dadd) refers to daddsub_clz.o(x$fpl$dsub) for _dsub1
    daddsub_clz.o(x$fpl$dadd) refers to dretinf.o(x$fpl$dretinf) for __fpl_dretinf
    daddsub_clz.o(x$fpl$dadd) refers to dnaninf.o(x$fpl$dnaninf) for __fpl_dnaninf
    daddsub_clz.o(x$fpl$drsb) refers (Special) to usenofp.o(x$fpl$usenofp) for __I$use$fp
    daddsub_clz.o(x$fpl$drsb) refers to daddsub_clz.o(x$fpl$dadd) for _dadd1
    daddsub_clz.o(x$fpl$drsb) refers to daddsub_clz.o(x$fpl$dsub) for _dsub1
    daddsub_clz.o(x$fpl$dsub) refers (Special) to usenofp.o(x$fpl$usenofp) for __I$use$fp
    daddsub_clz.o(x$fpl$dsub) refers to daddsub_clz.o(x$fpl$dadd) for _dadd1
    daddsub_clz.o(x$fpl$dsub) refers to dnaninf.o(x$fpl$dnaninf) for __fpl_dnaninf
    dflt_clz.o(x$fpl$dfltu) refers (Special) to usenofp.o(x$fpl$usenofp) for __I$use$fp
    dflt_clz.o(x$fpl$dflt) refers (Special) to usenofp.o(x$fpl$usenofp) for __I$use$fp
    dflt_clz.o(x$fpl$dfltn) refers (Special) to usenofp.o(x$fpl$usenofp) for __I$use$fp
    dleqf.o(x$fpl$dleqf) refers (Special) to usenofp.o(x$fpl$usenofp) for __I$use$fp
    dleqf.o(x$fpl$dleqf) refers to dnaninf.o(x$fpl$dnaninf) for __fpl_dnaninf
    dleqf.o(x$fpl$dleqf) refers to dcmpi.o(x$fpl$dcmpinf) for __fpl_dcmp_Inf
    drleqf.o(x$fpl$drleqf) refers (Special) to usenofp.o(x$fpl$usenofp) for __I$use$fp
    drleqf.o(x$fpl$drleqf) refers to dleqf.o(x$fpl$dleqf) for __fpl_dcmple_InfNaN
    pow.o(i.__softfp_pow) refers (Special) to usenofp.o(x$fpl$usenofp) for __I$use$fp
    pow.o(i.__softfp_pow) refers to pow.o(i.pow) for pow
    pow.o(i.pow) refers (Special) to usenofp.o(x$fpl$usenofp) for __I$use$fp
    pow.o(i.pow) refers to dunder.o(i.__mathlib_dbl_infnan2) for __mathlib_dbl_infnan2
    pow.o(i.pow) refers to _rserrno.o(.text) for __set_errno
    pow.o(i.pow) refers to dunder.o(i.__mathlib_dbl_divzero) for __mathlib_dbl_divzero
    pow.o(i.pow) refers to ddiv.o(x$fpl$ddiv) for __aeabi_ddiv
    pow.o(i.pow) refers to sqrt.o(i.sqrt) for sqrt
    pow.o(i.pow) refers to dmul.o(x$fpl$dmul) for __aeabi_dmul
    pow.o(i.pow) refers to dflt_clz.o(x$fpl$dflt) for __aeabi_i2d
    pow.o(i.pow) refers to dunder.o(i.__mathlib_dbl_invalid) for __mathlib_dbl_invalid
    pow.o(i.pow) refers to dunder.o(i.__mathlib_dbl_overflow) for __mathlib_dbl_overflow
    pow.o(i.pow) refers to dunder.o(i.__mathlib_dbl_underflow) for __mathlib_dbl_underflow
    pow.o(i.pow) refers to daddsub_clz.o(x$fpl$dsub) for __aeabi_dsub
    pow.o(i.pow) refers to scalbn.o(x$fpl$scalbn) for __ARM_scalbn
    pow.o(i.pow) refers to daddsub_clz.o(x$fpl$drsb) for __aeabi_drsub
    pow.o(i.pow) refers to daddsub_clz.o(x$fpl$dadd) for __aeabi_dadd
    pow.o(i.pow) refers to qnan.o(.constdata) for __mathlib_zero
    pow.o(i.pow) refers to poly.o(i.__kernel_poly) for __kernel_poly
    pow.o(i.pow) refers to drleqf.o(x$fpl$drleqf) for __aeabi_cdrcmple
    pow.o(i.pow) refers to pow.o(.constdata) for .constdata
    pow.o(i.pow) refers to fpclassify.o(i.__ARM_fpclassify) for __ARM_fpclassify
    pow.o(.constdata) refers (Special) to usenofp.o(x$fpl$usenofp) for __I$use$fp
    pow_x.o(i.____softfp_pow$lsc) refers (Special) to usenofp.o(x$fpl$usenofp) for __I$use$fp
    pow_x.o(i.____softfp_pow$lsc) refers to pow_x.o(i.__pow$lsc) for __pow$lsc
    pow_x.o(i.__pow$lsc) refers (Special) to usenofp.o(x$fpl$usenofp) for __I$use$fp
    pow_x.o(i.__pow$lsc) refers to dunder.o(i.__mathlib_dbl_infnan2) for __mathlib_dbl_infnan2
    pow_x.o(i.__pow$lsc) refers to _rserrno.o(.text) for __set_errno
    pow_x.o(i.__pow$lsc) refers to ddiv.o(x$fpl$ddiv) for __aeabi_ddiv
    pow_x.o(i.__pow$lsc) refers to sqrt.o(i.sqrt) for sqrt
    pow_x.o(i.__pow$lsc) refers to dmul.o(x$fpl$dmul) for __aeabi_dmul
    pow_x.o(i.__pow$lsc) refers to dflt_clz.o(x$fpl$dflt) for __aeabi_i2d
    pow_x.o(i.__pow$lsc) refers to daddsub_clz.o(x$fpl$dsub) for __aeabi_dsub
    pow_x.o(i.__pow$lsc) refers to scalbn.o(x$fpl$scalbn) for __ARM_scalbn
    pow_x.o(i.__pow$lsc) refers to daddsub_clz.o(x$fpl$drsb) for __aeabi_drsub
    pow_x.o(i.__pow$lsc) refers to daddsub_clz.o(x$fpl$dadd) for __aeabi_dadd
    pow_x.o(i.__pow$lsc) refers to qnan.o(.constdata) for __mathlib_zero
    pow_x.o(i.__pow$lsc) refers to poly.o(i.__kernel_poly) for __kernel_poly
    pow_x.o(i.__pow$lsc) refers to drleqf.o(x$fpl$drleqf) for __aeabi_cdrcmple
    pow_x.o(i.__pow$lsc) refers to pow_x.o(.constdata) for .constdata
    pow_x.o(.constdata) refers (Special) to usenofp.o(x$fpl$usenofp) for __I$use$fp
    sqrt.o(i.__softfp_sqrt) refers (Special) to usenofp.o(x$fpl$usenofp) for __I$use$fp
    sqrt.o(i.__softfp_sqrt) refers to dsqrt_noumaal.o(x$fpl$dsqrt) for _dsqrt
    sqrt.o(i.__softfp_sqrt) refers to _rserrno.o(.text) for __set_errno
    sqrt.o(i.sqrt) refers (Special) to usenofp.o(x$fpl$usenofp) for __I$use$fp
    sqrt.o(i.sqrt) refers to dsqrt_noumaal.o(x$fpl$dsqrt) for _dsqrt
    sqrt.o(i.sqrt) refers to _rserrno.o(.text) for __set_errno
    sqrt_x.o(i.____softfp_sqrt$lsc) refers (Special) to usenofp.o(x$fpl$usenofp) for __I$use$fp
    sqrt_x.o(i.____softfp_sqrt$lsc) refers to dleqf.o(x$fpl$dleqf) for __aeabi_cdcmple
    sqrt_x.o(i.____softfp_sqrt$lsc) refers to _rserrno.o(.text) for __set_errno
    sqrt_x.o(i.____softfp_sqrt$lsc) refers to dsqrt_noumaal.o(x$fpl$dsqrt) for _dsqrt
    sqrt_x.o(i.__sqrt$lsc) refers (Special) to usenofp.o(x$fpl$usenofp) for __I$use$fp
    sqrt_x.o(i.__sqrt$lsc) refers to dleqf.o(x$fpl$dleqf) for __aeabi_cdcmple
    sqrt_x.o(i.__sqrt$lsc) refers to _rserrno.o(.text) for __set_errno
    sqrt_x.o(i.__sqrt$lsc) refers to dsqrt_noumaal.o(x$fpl$dsqrt) for _dsqrt
    __rtentry.o(.ARM.Collect$$rtentry$$00000000) refers (Special) to __rtentry2.o(.ARM.Collect$$rtentry$$0000000A) for __rt_entry_li
    __rtentry.o(.ARM.Collect$$rtentry$$00000000) refers (Special) to __rtentry2.o(.ARM.Collect$$rtentry$$0000000D) for __rt_entry_main
    __rtentry.o(.ARM.Collect$$rtentry$$00000000) refers (Special) to __rtentry2.o(.ARM.Collect$$rtentry$$0000000C) for __rt_entry_postli_1
    __rtentry.o(.ARM.Collect$$rtentry$$00000000) refers (Special) to __rtentry2.o(.ARM.Collect$$rtentry$$00000009) for __rt_entry_postsh_1
    __rtentry.o(.ARM.Collect$$rtentry$$00000000) refers (Special) to __rtentry2.o(.ARM.Collect$$rtentry$$00000002) for __rt_entry_presh_1
    __rtentry.o(.ARM.Collect$$rtentry$$00000000) refers (Special) to __rtentry4.o(.ARM.Collect$$rtentry$$00000004) for __rt_entry_sh
    _rserrno.o(.text) refers to rt_errno_addr_intlibspace.o(.text) for __aeabi_errno_addr
    dcmpi.o(x$fpl$dcmpinf) refers (Special) to usenofp.o(x$fpl$usenofp) for __I$use$fp
    ddiv.o(x$fpl$drdiv) refers (Special) to usenofp.o(x$fpl$usenofp) for __I$use$fp
    ddiv.o(x$fpl$drdiv) refers to ddiv.o(x$fpl$ddiv) for ddiv_entry
    ddiv.o(x$fpl$ddiv) refers (Special) to usenofp.o(x$fpl$usenofp) for __I$use$fp
    ddiv.o(x$fpl$ddiv) refers to dretinf.o(x$fpl$dretinf) for __fpl_dretinf
    ddiv.o(x$fpl$ddiv) refers to dnaninf.o(x$fpl$dnaninf) for __fpl_dnaninf
    dmul.o(x$fpl$dmul) refers (Special) to usenofp.o(x$fpl$usenofp) for __I$use$fp
    dmul.o(x$fpl$dmul) refers to dretinf.o(x$fpl$dretinf) for __fpl_dretinf
    dmul.o(x$fpl$dmul) refers to dnaninf.o(x$fpl$dnaninf) for __fpl_dnaninf
    dnaninf.o(x$fpl$dnaninf) refers (Special) to usenofp.o(x$fpl$usenofp) for __I$use$fp
    dretinf.o(x$fpl$dretinf) refers (Special) to usenofp.o(x$fpl$usenofp) for __I$use$fp
    dsqrt_noumaal.o(x$fpl$dsqrt) refers (Special) to usenofp.o(x$fpl$usenofp) for __I$use$fp
    dsqrt_noumaal.o(x$fpl$dsqrt) refers to dnaninf.o(x$fpl$dnaninf) for __fpl_dnaninf
    scalbn.o(x$fpl$scalbn) refers (Special) to usenofp.o(x$fpl$usenofp) for __I$use$fp
    scalbn.o(x$fpl$scalbn) refers to dcheck1.o(x$fpl$dcheck1) for __fpl_dcheck_NaN1
    dunder.o(i.__mathlib_dbl_divzero) refers to ddiv.o(x$fpl$ddiv) for __aeabi_ddiv
    dunder.o(i.__mathlib_dbl_infnan) refers to scalbn.o(x$fpl$scalbn) for __ARM_scalbn
    dunder.o(i.__mathlib_dbl_infnan2) refers to daddsub_clz.o(x$fpl$dadd) for __aeabi_dadd
    dunder.o(i.__mathlib_dbl_invalid) refers to ddiv.o(x$fpl$ddiv) for __aeabi_ddiv
    dunder.o(i.__mathlib_dbl_overflow) refers to scalbn.o(x$fpl$scalbn) for __ARM_scalbn
    dunder.o(i.__mathlib_dbl_posinfnan) refers to dmul.o(x$fpl$dmul) for __aeabi_dmul
    dunder.o(i.__mathlib_dbl_underflow) refers to scalbn.o(x$fpl$scalbn) for __ARM_scalbn
    fpclassify.o(i.__ARM_fpclassify) refers (Special) to usenofp.o(x$fpl$usenofp) for __I$use$fp
    poly.o(i.__kernel_poly) refers (Special) to usenofp.o(x$fpl$usenofp) for __I$use$fp
    poly.o(i.__kernel_poly) refers to dmul.o(x$fpl$dmul) for __aeabi_dmul
    poly.o(i.__kernel_poly) refers to daddsub_clz.o(x$fpl$dadd) for __aeabi_dadd
    qnan.o(.constdata) refers (Special) to usenofp.o(x$fpl$usenofp) for __I$use$fp
    __rtentry2.o(.ARM.Collect$$rtentry$$00000008) refers to boardinit2.o(.text) for _platform_post_stackheap_init
    __rtentry2.o(.ARM.Collect$$rtentry$$0000000A) refers to libinit.o(.ARM.Collect$$libinit$$00000000) for __rt_lib_init
    __rtentry2.o(.ARM.Collect$$rtentry$$0000000B) refers to boardinit3.o(.text) for _platform_post_lib_init
    __rtentry2.o(.ARM.Collect$$rtentry$$0000000D) refers to main.o(i.main) for main
    __rtentry2.o(.ARM.Collect$$rtentry$$0000000D) refers to exit.o(.text) for exit
    __rtentry2.o(.ARM.exidx) refers to __rtentry2.o(.ARM.Collect$$rtentry$$00000001) for .ARM.Collect$$rtentry$$00000001
    __rtentry2.o(.ARM.exidx) refers to __rtentry2.o(.ARM.Collect$$rtentry$$00000008) for .ARM.Collect$$rtentry$$00000008
    __rtentry2.o(.ARM.exidx) refers to __rtentry2.o(.ARM.Collect$$rtentry$$0000000A) for .ARM.Collect$$rtentry$$0000000A
    __rtentry2.o(.ARM.exidx) refers to __rtentry2.o(.ARM.Collect$$rtentry$$0000000B) for .ARM.Collect$$rtentry$$0000000B
    __rtentry2.o(.ARM.exidx) refers to __rtentry2.o(.ARM.Collect$$rtentry$$0000000D) for .ARM.Collect$$rtentry$$0000000D
    __rtentry4.o(.ARM.Collect$$rtentry$$00000004) refers to sys_stackheap_outer.o(.text) for __user_setup_stackheap
    __rtentry4.o(.ARM.exidx) refers to __rtentry4.o(.ARM.Collect$$rtentry$$00000004) for .ARM.Collect$$rtentry$$00000004
    rt_errno_addr.o(.text) refers to rt_errno_addr.o(.bss) for __aeabi_errno_addr_data
    rt_errno_addr_intlibspace.o(.text) refers to libspace.o(.bss) for __libspace_start
    dcheck1.o(x$fpl$dcheck1) refers (Special) to usenofp.o(x$fpl$usenofp) for __I$use$fp
    dcheck1.o(x$fpl$dcheck1) refers to retnan.o(x$fpl$retnan) for __fpl_return_NaN
    libspace.o(.text) refers to libspace.o(.bss) for __libspace_start
    sys_stackheap_outer.o(.text) refers to libspace.o(.text) for __user_perproc_libspace
    sys_stackheap_outer.o(.text) refers to startup_lpc177x_8x.o(.text) for __user_initial_stackheap
    exit.o(.text) refers to rtexit.o(.ARM.Collect$$rtexit$$00000000) for __rt_exit
    libinit.o(.ARM.Collect$$libinit$$00000000) refers (Special) to libinit2.o(.ARM.Collect$$libinit$$0000002E) for __rt_lib_init_alloca_1
    libinit.o(.ARM.Collect$$libinit$$00000000) refers (Special) to libinit2.o(.ARM.Collect$$libinit$$0000002C) for __rt_lib_init_argv_1
    libinit.o(.ARM.Collect$$libinit$$00000000) refers (Special) to libinit2.o(.ARM.Collect$$libinit$$0000001B) for __rt_lib_init_atexit_1
    libinit.o(.ARM.Collect$$libinit$$00000000) refers (Special) to libinit2.o(.ARM.Collect$$libinit$$00000021) for __rt_lib_init_clock_1
    libinit.o(.ARM.Collect$$libinit$$00000000) refers (Special) to libinit2.o(.ARM.Collect$$libinit$$00000032) for __rt_lib_init_cpp_1
    libinit.o(.ARM.Collect$$libinit$$00000000) refers (Special) to libinit2.o(.ARM.Collect$$libinit$$00000030) for __rt_lib_init_exceptions_1
    libinit.o(.ARM.Collect$$libinit$$00000000) refers (Special) to libinit2.o(.ARM.Collect$$libinit$$00000002) for __rt_lib_init_fp_1
    libinit.o(.ARM.Collect$$libinit$$00000000) refers (Special) to libinit2.o(.ARM.Collect$$libinit$$0000001F) for __rt_lib_init_fp_trap_1
    libinit.o(.ARM.Collect$$libinit$$00000000) refers (Special) to libinit2.o(.ARM.Collect$$libinit$$00000023) for __rt_lib_init_getenv_1
    libinit.o(.ARM.Collect$$libinit$$00000000) refers (Special) to libinit2.o(.ARM.Collect$$libinit$$0000000A) for __rt_lib_init_heap_1
    libinit.o(.ARM.Collect$$libinit$$00000000) refers (Special) to libinit2.o(.ARM.Collect$$libinit$$00000011) for __rt_lib_init_lc_collate_1
    libinit.o(.ARM.Collect$$libinit$$00000000) refers (Special) to libinit2.o(.ARM.Collect$$libinit$$00000013) for __rt_lib_init_lc_ctype_1
    libinit.o(.ARM.Collect$$libinit$$00000000) refers (Special) to libinit2.o(.ARM.Collect$$libinit$$00000015) for __rt_lib_init_lc_monetary_1
    libinit.o(.ARM.Collect$$libinit$$00000000) refers (Special) to libinit2.o(.ARM.Collect$$libinit$$00000017) for __rt_lib_init_lc_numeric_1
    libinit.o(.ARM.Collect$$libinit$$00000000) refers (Special) to libinit2.o(.ARM.Collect$$libinit$$00000019) for __rt_lib_init_lc_time_1
    libinit.o(.ARM.Collect$$libinit$$00000000) refers (Special) to libinit2.o(.ARM.Collect$$libinit$$00000004) for __rt_lib_init_preinit_1
    libinit.o(.ARM.Collect$$libinit$$00000000) refers (Special) to libinit2.o(.ARM.Collect$$libinit$$0000000E) for __rt_lib_init_rand_1
    libinit.o(.ARM.Collect$$libinit$$00000000) refers (Special) to libinit2.o(.ARM.Collect$$libinit$$00000033) for __rt_lib_init_return
    libinit.o(.ARM.Collect$$libinit$$00000000) refers (Special) to libinit2.o(.ARM.Collect$$libinit$$0000001D) for __rt_lib_init_signal_1
    libinit.o(.ARM.Collect$$libinit$$00000000) refers (Special) to libinit2.o(.ARM.Collect$$libinit$$00000025) for __rt_lib_init_stdio_1
    libinit.o(.ARM.Collect$$libinit$$00000000) refers (Special) to libinit2.o(.ARM.Collect$$libinit$$0000000C) for __rt_lib_init_user_alloc_1
    retnan.o(x$fpl$retnan) refers (Special) to usenofp.o(x$fpl$usenofp) for __I$use$fp
    retnan.o(x$fpl$retnan) refers to trapv.o(x$fpl$trapveneer) for __fpl_cmpreturn
    rtexit.o(.ARM.Collect$$rtexit$$00000000) refers (Special) to rtexit2.o(.ARM.Collect$$rtexit$$00000004) for __rt_exit_exit
    rtexit.o(.ARM.Collect$$rtexit$$00000000) refers (Special) to rtexit2.o(.ARM.Collect$$rtexit$$00000003) for __rt_exit_ls
    rtexit.o(.ARM.Collect$$rtexit$$00000000) refers (Special) to rtexit2.o(.ARM.Collect$$rtexit$$00000002) for __rt_exit_prels_1
    rtexit.o(.ARM.exidx) refers (Special) to rtexit2.o(.ARM.Collect$$rtexit$$00000004) for __rt_exit_exit
    rtexit.o(.ARM.exidx) refers (Special) to rtexit2.o(.ARM.Collect$$rtexit$$00000003) for __rt_exit_ls
    rtexit.o(.ARM.exidx) refers (Special) to rtexit2.o(.ARM.Collect$$rtexit$$00000002) for __rt_exit_prels_1
    rtexit.o(.ARM.exidx) refers to rtexit.o(.ARM.Collect$$rtexit$$00000000) for .ARM.Collect$$rtexit$$00000000
    libinit2.o(.ARM.Collect$$libinit$$00000010) refers to libinit2.o(.ARM.Collect$$libinit$$0000000F) for .ARM.Collect$$libinit$$0000000F
    libinit2.o(.ARM.Collect$$libinit$$00000012) refers to libinit2.o(.ARM.Collect$$libinit$$0000000F) for .ARM.Collect$$libinit$$0000000F
    libinit2.o(.ARM.Collect$$libinit$$00000014) refers to libinit2.o(.ARM.Collect$$libinit$$0000000F) for .ARM.Collect$$libinit$$0000000F
    libinit2.o(.ARM.Collect$$libinit$$00000016) refers to libinit2.o(.ARM.Collect$$libinit$$0000000F) for .ARM.Collect$$libinit$$0000000F
    libinit2.o(.ARM.Collect$$libinit$$00000018) refers to libinit2.o(.ARM.Collect$$libinit$$0000000F) for .ARM.Collect$$libinit$$0000000F
    libinit2.o(.ARM.Collect$$libinit$$00000026) refers to argv_veneer.o(.emb_text) for __ARM_argv_veneer
    libinit2.o(.ARM.Collect$$libinit$$00000027) refers to argv_veneer.o(.emb_text) for __ARM_argv_veneer
    trapv.o(x$fpl$trapveneer) refers (Special) to usenofp.o(x$fpl$usenofp) for __I$use$fp
    rtexit2.o(.ARM.Collect$$rtexit$$00000003) refers to libshutdown.o(.ARM.Collect$$libshutdown$$00000000) for __rt_lib_shutdown
    rtexit2.o(.ARM.Collect$$rtexit$$00000004) refers to sys_exit.o(.text) for _sys_exit
    rtexit2.o(.ARM.exidx) refers to rtexit2.o(.ARM.Collect$$rtexit$$00000001) for .ARM.Collect$$rtexit$$00000001
    rtexit2.o(.ARM.exidx) refers to rtexit2.o(.ARM.Collect$$rtexit$$00000003) for .ARM.Collect$$rtexit$$00000003
    rtexit2.o(.ARM.exidx) refers to rtexit2.o(.ARM.Collect$$rtexit$$00000004) for .ARM.Collect$$rtexit$$00000004
    argv_veneer.o(.emb_text) refers to no_argv.o(.text) for __ARM_get_argv
    sys_exit.o(.text) refers (Special) to use_no_semi.o(.text) for __I$use$semihosting
    sys_exit.o(.text) refers (Special) to indicate_semi.o(.text) for __semihosting_library_function
    _get_argv_nomalloc.o(.text) refers (Special) to hrguard.o(.text) for __heap_region$guard
    _get_argv_nomalloc.o(.text) refers to defsig_rtmem_outer.o(.text) for __rt_SIGRTMEM
    _get_argv_nomalloc.o(.text) refers to sys_command.o(.text) for _sys_command_string
    libshutdown.o(.ARM.Collect$$libshutdown$$00000000) refers (Special) to libshutdown2.o(.ARM.Collect$$libshutdown$$00000002) for __rt_lib_shutdown_cpp_1
    libshutdown.o(.ARM.Collect$$libshutdown$$00000000) refers (Special) to libshutdown2.o(.ARM.Collect$$libshutdown$$00000007) for __rt_lib_shutdown_fp_trap_1
    libshutdown.o(.ARM.Collect$$libshutdown$$00000000) refers (Special) to libshutdown2.o(.ARM.Collect$$libshutdown$$0000000F) for __rt_lib_shutdown_heap_1
    libshutdown.o(.ARM.Collect$$libshutdown$$00000000) refers (Special) to libshutdown2.o(.ARM.Collect$$libshutdown$$00000010) for __rt_lib_shutdown_return
    libshutdown.o(.ARM.Collect$$libshutdown$$00000000) refers (Special) to libshutdown2.o(.ARM.Collect$$libshutdown$$0000000A) for __rt_lib_shutdown_signal_1
    libshutdown.o(.ARM.Collect$$libshutdown$$00000000) refers (Special) to libshutdown2.o(.ARM.Collect$$libshutdown$$00000004) for __rt_lib_shutdown_stdio_1
    libshutdown.o(.ARM.Collect$$libshutdown$$00000000) refers (Special) to libshutdown2.o(.ARM.Collect$$libshutdown$$0000000C) for __rt_lib_shutdown_user_alloc_1
    sys_command.o(.text) refers (Special) to use_no_semi.o(.text) for __I$use$semihosting
    sys_command.o(.text) refers (Special) to indicate_semi.o(.text) for __semihosting_library_function
    defsig_rtmem_outer.o(.text) refers to defsig_rtmem_inner.o(.text) for __rt_SIGRTMEM_inner
    defsig_rtmem_outer.o(.text) refers to defsig_exit.o(.text) for __sig_exit
    defsig_rtmem_formal.o(.text) refers to rt_raise.o(.text) for __rt_raise
    rt_raise.o(.text) refers to __raise.o(.text) for __raise
    rt_raise.o(.text) refers to sys_exit.o(.text) for _sys_exit
    defsig_exit.o(.text) refers to sys_exit.o(.text) for _sys_exit
    defsig_rtmem_inner.o(.text) refers to defsig_general.o(.text) for __default_signal_display
    __raise.o(.text) refers to defsig.o(CL$$defsig) for __default_signal_handler
    defsig_general.o(.text) refers to sys_wrch.o(.text) for _ttywrch
    sys_wrch.o(.text) refers (Special) to use_no_semi.o(.text) for __I$use$semihosting
    sys_wrch.o(.text) refers (Special) to indicate_semi.o(.text) for __semihosting_library_function
    defsig.o(CL$$defsig) refers to defsig_rtmem_inner.o(.text) for __rt_SIGRTMEM_inner
    defsig_abrt_inner.o(.text) refers to defsig_general.o(.text) for __default_signal_display
    defsig_fpe_inner.o(.text) refers to defsig_general.o(.text) for __default_signal_display
    defsig_rtred_inner.o(.text) refers to defsig_general.o(.text) for __default_signal_display
    defsig_stak_inner.o(.text) refers to defsig_general.o(.text) for __default_signal_display
    defsig_pvfn_inner.o(.text) refers to defsig_general.o(.text) for __default_signal_display
    defsig_cppl_inner.o(.text) refers to defsig_general.o(.text) for __default_signal_display
    defsig_segv_inner.o(.text) refers to defsig_general.o(.text) for __default_signal_display
    defsig_other.o(.text) refers to defsig_general.o(.text) for __default_signal_display


==============================================================================

Removing Unused input sections from the image.

    Removing system_lpc177x_8x.o(.rev16_text), (4 bytes).
    Removing system_lpc177x_8x.o(.revsh_text), (4 bytes).
    Removing system_lpc177x_8x.o(i.SystemCoreClockUpdate), (332 bytes).
    Removing system_lpc177x_8x.o(.data), (16 bytes).
    Removing main.o(.rev16_text), (4 bytes).
    Removing main.o(.revsh_text), (4 bytes).
    Removing main.o(.constdata), (16 bytes).
    Removing main.o(.data), (3090 bytes).
    Removing lcd.o(.rev16_text), (4 bytes).
    Removing lcd.o(.revsh_text), (4 bytes).
    Removing lcd.o(i.draw_circle), (316 bytes).
    Removing lcd.o(i.draw_triangle), (154 bytes).
    Removing lcd.o(i.lcd_print_string), (30 bytes).
    Removing lcd.o(i.lcd_write), (10 bytes).
    Removing lcd.o(i.load_bmp), (38 bytes).
    Removing sonic.o(.rev16_text), (4 bytes).
    Removing sonic.o(.revsh_text), (4 bytes).

17 unused section(s) (total 4034 bytes) removed from the image.

==============================================================================

Image Symbol Table

    Local Symbols

    Symbol Name                              Value     Ov Type        Size  Object(Section)

    RESET                                    0x00000000   Section      228  startup_lpc177x_8x.o(RESET)
    ../clib/angel/boardlib.s                 0x00000000   Number         0  boardinit1.o ABSOLUTE
    ../clib/angel/boardlib.s                 0x00000000   Number         0  boardinit2.o ABSOLUTE
    ../clib/angel/boardlib.s                 0x00000000   Number         0  boardinit3.o ABSOLUTE
    ../clib/angel/boardlib.s                 0x00000000   Number         0  boardshut.o ABSOLUTE
    ../clib/angel/handlers.s                 0x00000000   Number         0  __scatter_zi.o ABSOLUTE
    ../clib/angel/handlers.s                 0x00000000   Number         0  __scatter_copy.o ABSOLUTE
    ../clib/angel/kernel.s                   0x00000000   Number         0  __rtentry4.o ABSOLUTE
    ../clib/angel/kernel.s                   0x00000000   Number         0  rtexit.o ABSOLUTE
    ../clib/angel/kernel.s                   0x00000000   Number         0  __rtentry.o ABSOLUTE
    ../clib/angel/kernel.s                   0x00000000   Number         0  rtexit2.o ABSOLUTE
    ../clib/angel/kernel.s                   0x00000000   Number         0  __rtentry2.o ABSOLUTE
    ../clib/angel/rt.s                       0x00000000   Number         0  rt_raise.o ABSOLUTE
    ../clib/angel/rt.s                       0x00000000   Number         0  rt_errno_addr.o ABSOLUTE
    ../clib/angel/rt.s                       0x00000000   Number         0  rt_errno_addr_intlibspace.o ABSOLUTE
    ../clib/angel/scatter.s                  0x00000000   Number         0  __scatter.o ABSOLUTE
    ../clib/angel/startup.s                  0x00000000   Number         0  __main.o ABSOLUTE
    ../clib/angel/sys.s                      0x00000000   Number         0  libspace.o ABSOLUTE
    ../clib/angel/sys.s                      0x00000000   Number         0  sys_stackheap_outer.o ABSOLUTE
    ../clib/angel/sys.s                      0x00000000   Number         0  use_no_semi.o ABSOLUTE
    ../clib/angel/sys.s                      0x00000000   Number         0  indicate_semi.o ABSOLUTE
    ../clib/angel/sysapp.c                   0x00000000   Number         0  sys_command.o ABSOLUTE
    ../clib/angel/sysapp.c                   0x00000000   Number         0  sys_wrch.o ABSOLUTE
    ../clib/angel/sysapp.c                   0x00000000   Number         0  sys_exit.o ABSOLUTE
    ../clib/armsys.c                         0x00000000   Number         0  _get_argv_nomalloc.o ABSOLUTE
    ../clib/armsys.c                         0x00000000   Number         0  argv_veneer.o ABSOLUTE
    ../clib/armsys.c                         0x00000000   Number         0  argv_veneer.o ABSOLUTE
    ../clib/armsys.c                         0x00000000   Number         0  no_argv.o ABSOLUTE
    ../clib/fenv.c                           0x00000000   Number         0  _rserrno.o ABSOLUTE
    ../clib/heapalloc.c                      0x00000000   Number         0  hrguard.o ABSOLUTE
    ../clib/heapaux.c                        0x00000000   Number         0  heapauxi.o ABSOLUTE
    ../clib/libinit.s                        0x00000000   Number         0  libinit.o ABSOLUTE
    ../clib/libinit.s                        0x00000000   Number         0  libshutdown.o ABSOLUTE
    ../clib/libinit.s                        0x00000000   Number         0  libinit2.o ABSOLUTE
    ../clib/libinit.s                        0x00000000   Number         0  libshutdown2.o ABSOLUTE
    ../clib/signal.c                         0x00000000   Number         0  defsig_rtmem_outer.o ABSOLUTE
    ../clib/signal.c                         0x00000000   Number         0  defsig_rtred_inner.o ABSOLUTE
    ../clib/signal.c                         0x00000000   Number         0  defsig_exit.o ABSOLUTE
    ../clib/signal.c                         0x00000000   Number         0  defsig_other.o ABSOLUTE
    ../clib/signal.c                         0x00000000   Number         0  defsig_segv_inner.o ABSOLUTE
    ../clib/signal.c                         0x00000000   Number         0  defsig_cppl_inner.o ABSOLUTE
    ../clib/signal.c                         0x00000000   Number         0  defsig_pvfn_inner.o ABSOLUTE
    ../clib/signal.c                         0x00000000   Number         0  defsig_stak_inner.o ABSOLUTE
    ../clib/signal.c                         0x00000000   Number         0  defsig_fpe_inner.o ABSOLUTE
    ../clib/signal.c                         0x00000000   Number         0  defsig_abrt_inner.o ABSOLUTE
    ../clib/signal.c                         0x00000000   Number         0  defsig_general.o ABSOLUTE
    ../clib/signal.c                         0x00000000   Number         0  __raise.o ABSOLUTE
    ../clib/signal.c                         0x00000000   Number         0  defsig_rtmem_inner.o ABSOLUTE
    ../clib/signal.c                         0x00000000   Number         0  defsig_rtmem_formal.o ABSOLUTE
    ../clib/signal.s                         0x00000000   Number         0  defsig.o ABSOLUTE
    ../clib/stdlib.c                         0x00000000   Number         0  exit.o ABSOLUTE
    ../fplib/daddsub.s                       0x00000000   Number         0  daddsub_clz.o ABSOLUTE
    ../fplib/dcheck1.s                       0x00000000   Number         0  dcheck1.o ABSOLUTE
    ../fplib/dcmpi.s                         0x00000000   Number         0  dcmpi.o ABSOLUTE
    ../fplib/ddiv.s                          0x00000000   Number         0  ddiv.o ABSOLUTE
    ../fplib/dflt.s                          0x00000000   Number         0  dflt_clz.o ABSOLUTE
    ../fplib/dleqf.s                         0x00000000   Number         0  dleqf.o ABSOLUTE
    ../fplib/dmul.s                          0x00000000   Number         0  dmul.o ABSOLUTE
    ../fplib/dnaninf.s                       0x00000000   Number         0  dnaninf.o ABSOLUTE
    ../fplib/dretinf.s                       0x00000000   Number         0  dretinf.o ABSOLUTE
    ../fplib/drleqf.s                        0x00000000   Number         0  drleqf.o ABSOLUTE
    ../fplib/dsqrt.s                         0x00000000   Number         0  dsqrt_noumaal.o ABSOLUTE
    ../fplib/fpinit.s                        0x00000000   Number         0  fpinit.o ABSOLUTE
    ../fplib/retnan.s                        0x00000000   Number         0  retnan.o ABSOLUTE
    ../fplib/scalbn.s                        0x00000000   Number         0  scalbn.o ABSOLUTE
    ../fplib/trapv.s                         0x00000000   Number         0  trapv.o ABSOLUTE
    ../fplib/usenofp.s                       0x00000000   Number         0  usenofp.o ABSOLUTE
    ../mathlib/dunder.c                      0x00000000   Number         0  dunder.o ABSOLUTE
    ../mathlib/fpclassify.c                  0x00000000   Number         0  fpclassify.o ABSOLUTE
    ../mathlib/poly.c                        0x00000000   Number         0  poly.o ABSOLUTE
    ../mathlib/pow.c                         0x00000000   Number         0  pow.o ABSOLUTE
    ../mathlib/pow.c                         0x00000000   Number         0  pow_x.o ABSOLUTE
    ../mathlib/qnan.c                        0x00000000   Number         0  qnan.o ABSOLUTE
    ../mathlib/sqrt.c                        0x00000000   Number         0  sqrt_x.o ABSOLUTE
    ../mathlib/sqrt.c                        0x00000000   Number         0  sqrt.o ABSOLUTE
    core_cm3.c                               0x00000000   Number         0  core_cm3.o ABSOLUTE
    dc.s                                     0x00000000   Number         0  dc.o ABSOLUTE
    lcd.c                                    0x00000000   Number         0  lcd.o ABSOLUTE
    lcd.c                                    0x00000000   Number         0  lcd.o ABSOLUTE
    main.c                                   0x00000000   Number         0  main.o ABSOLUTE
    main.c                                   0x00000000   Number         0  main.o ABSOLUTE
    sonic.c                                  0x00000000   Number         0  sonic.o ABSOLUTE
    sonic.c                                  0x00000000   Number         0  sonic.o ABSOLUTE
    startup_LPC177x_8x.s                     0x00000000   Number         0  startup_lpc177x_8x.o ABSOLUTE
    system_LPC177x_8x.c                      0x00000000   Number         0  system_lpc177x_8x.o ABSOLUTE
    system_LPC177x_8x.c                      0x00000000   Number         0  system_lpc177x_8x.o ABSOLUTE
    !!!main                                  0x000000e4   Section        8  __main.o(!!!main)
    !!!scatter                               0x000000ec   Section       52  __scatter.o(!!!scatter)
    !!handler_copy                           0x00000120   Section       26  __scatter_copy.o(!!handler_copy)
    !!handler_zi                             0x0000013c   Section       28  __scatter_zi.o(!!handler_zi)
    .ARM.Collect$$libinit$$00000000          0x00000158   Section        2  libinit.o(.ARM.Collect$$libinit$$00000000)
    .ARM.Collect$$libinit$$00000002          0x0000015a   Section        0  libinit2.o(.ARM.Collect$$libinit$$00000002)
    .ARM.Collect$$libinit$$00000004          0x0000015a   Section        0  libinit2.o(.ARM.Collect$$libinit$$00000004)
    .ARM.Collect$$libinit$$0000000A          0x0000015a   Section        0  libinit2.o(.ARM.Collect$$libinit$$0000000A)
    .ARM.Collect$$libinit$$0000000C          0x0000015a   Section        0  libinit2.o(.ARM.Collect$$libinit$$0000000C)
    .ARM.Collect$$libinit$$0000000E          0x0000015a   Section        0  libinit2.o(.ARM.Collect$$libinit$$0000000E)
    .ARM.Collect$$libinit$$00000011          0x0000015a   Section        0  libinit2.o(.ARM.Collect$$libinit$$00000011)
    .ARM.Collect$$libinit$$00000013          0x0000015a   Section        0  libinit2.o(.ARM.Collect$$libinit$$00000013)
    .ARM.Collect$$libinit$$00000015          0x0000015a   Section        0  libinit2.o(.ARM.Collect$$libinit$$00000015)
    .ARM.Collect$$libinit$$00000017          0x0000015a   Section        0  libinit2.o(.ARM.Collect$$libinit$$00000017)
    .ARM.Collect$$libinit$$00000019          0x0000015a   Section        0  libinit2.o(.ARM.Collect$$libinit$$00000019)
    .ARM.Collect$$libinit$$0000001B          0x0000015a   Section        0  libinit2.o(.ARM.Collect$$libinit$$0000001B)
    .ARM.Collect$$libinit$$0000001D          0x0000015a   Section        0  libinit2.o(.ARM.Collect$$libinit$$0000001D)
    .ARM.Collect$$libinit$$0000001F          0x0000015a   Section        0  libinit2.o(.ARM.Collect$$libinit$$0000001F)
    .ARM.Collect$$libinit$$00000021          0x0000015a   Section        0  libinit2.o(.ARM.Collect$$libinit$$00000021)
    .ARM.Collect$$libinit$$00000023          0x0000015a   Section        0  libinit2.o(.ARM.Collect$$libinit$$00000023)
    .ARM.Collect$$libinit$$00000025          0x0000015a   Section        0  libinit2.o(.ARM.Collect$$libinit$$00000025)
    .ARM.Collect$$libinit$$0000002C          0x0000015a   Section        0  libinit2.o(.ARM.Collect$$libinit$$0000002C)
    .ARM.Collect$$libinit$$0000002E          0x0000015a   Section        0  libinit2.o(.ARM.Collect$$libinit$$0000002E)
    .ARM.Collect$$libinit$$00000030          0x0000015a   Section        0  libinit2.o(.ARM.Collect$$libinit$$00000030)
    .ARM.Collect$$libinit$$00000032          0x0000015a   Section        0  libinit2.o(.ARM.Collect$$libinit$$00000032)
    .ARM.Collect$$libinit$$00000033          0x0000015a   Section        2  libinit2.o(.ARM.Collect$$libinit$$00000033)
    .ARM.Collect$$libshutdown$$00000000      0x0000015c   Section        2  libshutdown.o(.ARM.Collect$$libshutdown$$00000000)
    .ARM.Collect$$libshutdown$$00000002      0x0000015e   Section        0  libshutdown2.o(.ARM.Collect$$libshutdown$$00000002)
    .ARM.Collect$$libshutdown$$00000004      0x0000015e   Section        0  libshutdown2.o(.ARM.Collect$$libshutdown$$00000004)
    .ARM.Collect$$libshutdown$$00000007      0x0000015e   Section        0  libshutdown2.o(.ARM.Collect$$libshutdown$$00000007)
    .ARM.Collect$$libshutdown$$0000000A      0x0000015e   Section        0  libshutdown2.o(.ARM.Collect$$libshutdown$$0000000A)
    .ARM.Collect$$libshutdown$$0000000C      0x0000015e   Section        0  libshutdown2.o(.ARM.Collect$$libshutdown$$0000000C)
    .ARM.Collect$$libshutdown$$0000000F      0x0000015e   Section        0  libshutdown2.o(.ARM.Collect$$libshutdown$$0000000F)
    .ARM.Collect$$libshutdown$$00000010      0x0000015e   Section        2  libshutdown2.o(.ARM.Collect$$libshutdown$$00000010)
    .ARM.Collect$$rtentry$$00000000          0x00000160   Section        0  __rtentry.o(.ARM.Collect$$rtentry$$00000000)
    .ARM.Collect$$rtentry$$00000002          0x00000160   Section        0  __rtentry2.o(.ARM.Collect$$rtentry$$00000002)
    .ARM.Collect$$rtentry$$00000004          0x00000160   Section        6  __rtentry4.o(.ARM.Collect$$rtentry$$00000004)
    .ARM.Collect$$rtentry$$00000009          0x00000166   Section        0  __rtentry2.o(.ARM.Collect$$rtentry$$00000009)
    .ARM.Collect$$rtentry$$0000000A          0x00000166   Section        4  __rtentry2.o(.ARM.Collect$$rtentry$$0000000A)
    .ARM.Collect$$rtentry$$0000000C          0x0000016a   Section        0  __rtentry2.o(.ARM.Collect$$rtentry$$0000000C)
    .ARM.Collect$$rtentry$$0000000D          0x0000016a   Section        8  __rtentry2.o(.ARM.Collect$$rtentry$$0000000D)
    .ARM.Collect$$rtexit$$00000000           0x00000172   Section        2  rtexit.o(.ARM.Collect$$rtexit$$00000000)
    .ARM.Collect$$rtexit$$00000002           0x00000174   Section        0  rtexit2.o(.ARM.Collect$$rtexit$$00000002)
    .ARM.Collect$$rtexit$$00000003           0x00000174   Section        4  rtexit2.o(.ARM.Collect$$rtexit$$00000003)
    .ARM.Collect$$rtexit$$00000004           0x00000178   Section        6  rtexit2.o(.ARM.Collect$$rtexit$$00000004)
    .text                                    0x00000180   Section       64  startup_lpc177x_8x.o(.text)
    .text                                    0x000001c0   Section        0  heapauxi.o(.text)
    .text                                    0x000001c8   Section        8  libspace.o(.text)
    .text                                    0x000001d0   Section       74  sys_stackheap_outer.o(.text)
    .text                                    0x0000021a   Section        0  exit.o(.text)
    .text                                    0x0000022c   Section        0  sys_exit.o(.text)
    .text                                    0x00000238   Section        2  use_no_semi.o(.text)
    .text                                    0x0000023a   Section        0  indicate_semi.o(.text)
    i.SystemInit                             0x0000023c   Section        0  system_lpc177x_8x.o(i.SystemInit)
    i.main                                   0x000002d4   Section        0  main.o(i.main)
    i.sonic_init                             0x000002e8   Section        0  sonic.o(i.sonic_init)
    .ARM.__at_0x02FC                         0x000002fc   Section        4  startup_lpc177x_8x.o(.ARM.__at_0x02FC)
    i.clr_pixel                              0x00000300   Section        0  lcd.o(i.clr_pixel)
    i.clr_rectangle                          0x00000338   Section        0  lcd.o(i.clr_rectangle)
    i.draw_rectangle                         0x00000370   Section        0  lcd.o(i.draw_rectangle)
    i.lcd_clr                                0x000003fc   Section        0  lcd.o(i.lcd_clr)
    i.lcd_init                               0x0000042c   Section        0  lcd.o(i.lcd_init)
    i.lcd_rdy                                0x00000508   Section        0  lcd.o(i.lcd_rdy)
    i.send_cmd                               0x00000534   Section        0  lcd.o(i.send_cmd)
    i.send_d1_cmd                            0x0000054c   Section        0  lcd.o(i.send_d1_cmd)
    i.send_d2_cmd                            0x00000578   Section        0  lcd.o(i.send_d2_cmd)
    i.set_pixel                              0x000005b0   Section        0  lcd.o(i.set_pixel)
    i.sonic_measure                          0x000005e8   Section        0  sonic.o(i.sonic_measure)
    .data                                    0x10000000   Section       16  lcd.o(.data)
    .bss                                     0x10000010   Section       96  libspace.o(.bss)
    HEAP                                     0x10000070   Section     1024  startup_lpc177x_8x.o(HEAP)
    Heap_Mem                                 0x10000070   Data        1024  startup_lpc177x_8x.o(HEAP)
    STACK                                    0x10000470   Section      512  startup_lpc177x_8x.o(STACK)
    Stack_Mem                                0x10000470   Data         512  startup_lpc177x_8x.o(STACK)
    __initial_sp                             0x10000670   Data           0  startup_lpc177x_8x.o(STACK)

    Global Symbols

    Symbol Name                              Value     Ov Type        Size  Object(Section)

    BuildAttributes$$THM_ISAv4$P$D$K$B$S$PE$A:L22UL41UL21$X:L11$S22US41US21$IEEE1$IW$USESV6$~STKCKD$USESV7$~SHL$OTIME$ROPI$IEEEX$EBA8$UX$STANDARDLIB$REQ8$PRES8$EABIv2 0x00000000   Number         0  anon$$obj.o ABSOLUTE
    __ARM_use_no_argv                        0x00000000   Number         0  main.o ABSOLUTE
    __Vectors                                0x00000000   Data           4  startup_lpc177x_8x.o(RESET)
    __ARM_exceptions_init                     - Undefined Weak Reference
    __alloca_initialize                       - Undefined Weak Reference
    __arm_preinit_                            - Undefined Weak Reference
    __cpp_initialize__aeabi_                  - Undefined Weak Reference
    __cxa_finalize                            - Undefined Weak Reference
    __rt_locale                               - Undefined Weak Reference
    __sigvec_lookup                           - Undefined Weak Reference
    _atexit_init                              - Undefined Weak Reference
    _call_atexit_fns                          - Undefined Weak Reference
    _clock_init                               - Undefined Weak Reference
    _fp_trap_init                             - Undefined Weak Reference
    _fp_trap_shutdown                         - Undefined Weak Reference
    _get_lc_collate                           - Undefined Weak Reference
    _get_lc_ctype                             - Undefined Weak Reference
    _get_lc_monetary                          - Undefined Weak Reference
    _get_lc_numeric                           - Undefined Weak Reference
    _get_lc_time                              - Undefined Weak Reference
    _getenv_init                              - Undefined Weak Reference
    _handle_redirection                       - Undefined Weak Reference
    _init_alloc                               - Undefined Weak Reference
    _init_user_alloc                          - Undefined Weak Reference
    _initio                                   - Undefined Weak Reference
    _rand_init                                - Undefined Weak Reference
    _signal_finish                            - Undefined Weak Reference
    _signal_init                              - Undefined Weak Reference
    _terminate_alloc                          - Undefined Weak Reference
    _terminate_user_alloc                     - Undefined Weak Reference
    _terminateio                              - Undefined Weak Reference
    __main                                   0x000000e5   Thumb Code     8  __main.o(!!!main)
    __scatterload                            0x000000ed   Thumb Code     0  __scatter.o(!!!scatter)
    __scatterload_rt2                        0x000000ed   Thumb Code    44  __scatter.o(!!!scatter)
    __scatterload_rt2_thumb_only             0x000000ed   Thumb Code     0  __scatter.o(!!!scatter)
    __scatterload_null                       0x000000fb   Thumb Code     0  __scatter.o(!!!scatter)
    __scatterload_copy                       0x00000121   Thumb Code    26  __scatter_copy.o(!!handler_copy)
    __scatterload_zeroinit                   0x0000013d   Thumb Code    28  __scatter_zi.o(!!handler_zi)
    __rt_lib_init                            0x00000159   Thumb Code     0  libinit.o(.ARM.Collect$$libinit$$00000000)
    __rt_lib_init_alloca_1                   0x0000015b   Thumb Code     0  libinit2.o(.ARM.Collect$$libinit$$0000002E)
    __rt_lib_init_argv_1                     0x0000015b   Thumb Code     0  libinit2.o(.ARM.Collect$$libinit$$0000002C)
    __rt_lib_init_atexit_1                   0x0000015b   Thumb Code     0  libinit2.o(.ARM.Collect$$libinit$$0000001B)
    __rt_lib_init_clock_1                    0x0000015b   Thumb Code     0  libinit2.o(.ARM.Collect$$libinit$$00000021)
    __rt_lib_init_cpp_1                      0x0000015b   Thumb Code     0  libinit2.o(.ARM.Collect$$libinit$$00000032)
    __rt_lib_init_exceptions_1               0x0000015b   Thumb Code     0  libinit2.o(.ARM.Collect$$libinit$$00000030)
    __rt_lib_init_fp_1                       0x0000015b   Thumb Code     0  libinit2.o(.ARM.Collect$$libinit$$00000002)
    __rt_lib_init_fp_trap_1                  0x0000015b   Thumb Code     0  libinit2.o(.ARM.Collect$$libinit$$0000001F)
    __rt_lib_init_getenv_1                   0x0000015b   Thumb Code     0  libinit2.o(.ARM.Collect$$libinit$$00000023)
    __rt_lib_init_heap_1                     0x0000015b   Thumb Code     0  libinit2.o(.ARM.Collect$$libinit$$0000000A)
    __rt_lib_init_lc_collate_1               0x0000015b   Thumb Code     0  libinit2.o(.ARM.Collect$$libinit$$00000011)
    __rt_lib_init_lc_ctype_1                 0x0000015b   Thumb Code     0  libinit2.o(.ARM.Collect$$libinit$$00000013)
    __rt_lib_init_lc_monetary_1              0x0000015b   Thumb Code     0  libinit2.o(.ARM.Collect$$libinit$$00000015)
    __rt_lib_init_lc_numeric_1               0x0000015b   Thumb Code     0  libinit2.o(.ARM.Collect$$libinit$$00000017)
    __rt_lib_init_lc_time_1                  0x0000015b   Thumb Code     0  libinit2.o(.ARM.Collect$$libinit$$00000019)
    __rt_lib_init_preinit_1                  0x0000015b   Thumb Code     0  libinit2.o(.ARM.Collect$$libinit$$00000004)
    __rt_lib_init_rand_1                     0x0000015b   Thumb Code     0  libinit2.o(.ARM.Collect$$libinit$$0000000E)
    __rt_lib_init_return                     0x0000015b   Thumb Code     0  libinit2.o(.ARM.Collect$$libinit$$00000033)
    __rt_lib_init_signal_1                   0x0000015b   Thumb Code     0  libinit2.o(.ARM.Collect$$libinit$$0000001D)
    __rt_lib_init_stdio_1                    0x0000015b   Thumb Code     0  libinit2.o(.ARM.Collect$$libinit$$00000025)
    __rt_lib_init_user_alloc_1               0x0000015b   Thumb Code     0  libinit2.o(.ARM.Collect$$libinit$$0000000C)
    __rt_lib_shutdown                        0x0000015d   Thumb Code     0  libshutdown.o(.ARM.Collect$$libshutdown$$00000000)
    __rt_lib_shutdown_cpp_1                  0x0000015f   Thumb Code     0  libshutdown2.o(.ARM.Collect$$libshutdown$$00000002)
    __rt_lib_shutdown_fp_trap_1              0x0000015f   Thumb Code     0  libshutdown2.o(.ARM.Collect$$libshutdown$$00000007)
    __rt_lib_shutdown_heap_1                 0x0000015f   Thumb Code     0  libshutdown2.o(.ARM.Collect$$libshutdown$$0000000F)
    __rt_lib_shutdown_return                 0x0000015f   Thumb Code     0  libshutdown2.o(.ARM.Collect$$libshutdown$$00000010)
    __rt_lib_shutdown_signal_1               0x0000015f   Thumb Code     0  libshutdown2.o(.ARM.Collect$$libshutdown$$0000000A)
    __rt_lib_shutdown_stdio_1                0x0000015f   Thumb Code     0  libshutdown2.o(.ARM.Collect$$libshutdown$$00000004)
    __rt_lib_shutdown_user_alloc_1           0x0000015f   Thumb Code     0  libshutdown2.o(.ARM.Collect$$libshutdown$$0000000C)
    __rt_entry                               0x00000161   Thumb Code     0  __rtentry.o(.ARM.Collect$$rtentry$$00000000)
    __rt_entry_presh_1                       0x00000161   Thumb Code     0  __rtentry2.o(.ARM.Collect$$rtentry$$00000002)
    __rt_entry_sh                            0x00000161   Thumb Code     0  __rtentry4.o(.ARM.Collect$$rtentry$$00000004)
    __rt_entry_li                            0x00000167   Thumb Code     0  __rtentry2.o(.ARM.Collect$$rtentry$$0000000A)
    __rt_entry_postsh_1                      0x00000167   Thumb Code     0  __rtentry2.o(.ARM.Collect$$rtentry$$00000009)
    __rt_entry_main                          0x0000016b   Thumb Code     0  __rtentry2.o(.ARM.Collect$$rtentry$$0000000D)
    __rt_entry_postli_1                      0x0000016b   Thumb Code     0  __rtentry2.o(.ARM.Collect$$rtentry$$0000000C)
    __rt_exit                                0x00000173   Thumb Code     0  rtexit.o(.ARM.Collect$$rtexit$$00000000)
    __rt_exit_ls                             0x00000175   Thumb Code     0  rtexit2.o(.ARM.Collect$$rtexit$$00000003)
    __rt_exit_prels_1                        0x00000175   Thumb Code     0  rtexit2.o(.ARM.Collect$$rtexit$$00000002)
    __rt_exit_exit                           0x00000179   Thumb Code     0  rtexit2.o(.ARM.Collect$$rtexit$$00000004)
    Reset_Handler                            0x00000181   Thumb Code     8  startup_lpc177x_8x.o(.text)
    NMI_Handler                              0x00000189   Thumb Code     2  startup_lpc177x_8x.o(.text)
    HardFault_Handler                        0x0000018b   Thumb Code     2  startup_lpc177x_8x.o(.text)
    MemManage_Handler                        0x0000018d   Thumb Code     2  startup_lpc177x_8x.o(.text)
    BusFault_Handler                         0x0000018f   Thumb Code     2  startup_lpc177x_8x.o(.text)
    UsageFault_Handler                       0x00000191   Thumb Code     2  startup_lpc177x_8x.o(.text)
    SVC_Handler                              0x00000193   Thumb Code     2  startup_lpc177x_8x.o(.text)
    DebugMon_Handler                         0x00000195   Thumb Code     2  startup_lpc177x_8x.o(.text)
    PendSV_Handler                           0x00000197   Thumb Code     2  startup_lpc177x_8x.o(.text)
    SysTick_Handler                          0x00000199   Thumb Code     2  startup_lpc177x_8x.o(.text)
    ADC_IRQHandler                           0x0000019b   Thumb Code     0  startup_lpc177x_8x.o(.text)
    BOD_IRQHandler                           0x0000019b   Thumb Code     0  startup_lpc177x_8x.o(.text)
    CANActivity_IRQHandler                   0x0000019b   Thumb Code     0  startup_lpc177x_8x.o(.text)
    CAN_IRQHandler                           0x0000019b   Thumb Code     0  startup_lpc177x_8x.o(.text)
    DMA_IRQHandler                           0x0000019b   Thumb Code     0  startup_lpc177x_8x.o(.text)
    EEPROM_IRQHandler                        0x0000019b   Thumb Code     0  startup_lpc177x_8x.o(.text)
    EINT0_IRQHandler                         0x0000019b   Thumb Code     0  startup_lpc177x_8x.o(.text)
    EINT1_IRQHandler                         0x0000019b   Thumb Code     0  startup_lpc177x_8x.o(.text)
    EINT2_IRQHandler                         0x0000019b   Thumb Code     0  startup_lpc177x_8x.o(.text)
    EINT3_IRQHandler                         0x0000019b   Thumb Code     0  startup_lpc177x_8x.o(.text)
    ENET_IRQHandler                          0x0000019b   Thumb Code     0  startup_lpc177x_8x.o(.text)
    GPIO_IRQHandler                          0x0000019b   Thumb Code     0  startup_lpc177x_8x.o(.text)
    I2C0_IRQHandler                          0x0000019b   Thumb Code     0  startup_lpc177x_8x.o(.text)
    I2C1_IRQHandler                          0x0000019b   Thumb Code     0  startup_lpc177x_8x.o(.text)
    I2C2_IRQHandler                          0x0000019b   Thumb Code     0  startup_lpc177x_8x.o(.text)
    I2S_IRQHandler                           0x0000019b   Thumb Code     0  startup_lpc177x_8x.o(.text)
    LCD_IRQHandler                           0x0000019b   Thumb Code     0  startup_lpc177x_8x.o(.text)
    MCI_IRQHandler                           0x0000019b   Thumb Code     0  startup_lpc177x_8x.o(.text)
    MCPWM_IRQHandler                         0x0000019b   Thumb Code     0  startup_lpc177x_8x.o(.text)
    PLL0_IRQHandler                          0x0000019b   Thumb Code     0  startup_lpc177x_8x.o(.text)
    PLL1_IRQHandler                          0x0000019b   Thumb Code     0  startup_lpc177x_8x.o(.text)
    PWM0_IRQHandler                          0x0000019b   Thumb Code     0  startup_lpc177x_8x.o(.text)
    PWM1_IRQHandler                          0x0000019b   Thumb Code     0  startup_lpc177x_8x.o(.text)
    QEI_IRQHandler                           0x0000019b   Thumb Code     0  startup_lpc177x_8x.o(.text)
    RTC_IRQHandler                           0x0000019b   Thumb Code     0  startup_lpc177x_8x.o(.text)
    SPIFI_IRQHandler                         0x0000019b   Thumb Code     0  startup_lpc177x_8x.o(.text)
    SSP0_IRQHandler                          0x0000019b   Thumb Code     0  startup_lpc177x_8x.o(.text)
    SSP1_IRQHandler                          0x0000019b   Thumb Code     0  startup_lpc177x_8x.o(.text)
    SSP2_IRQHandler                          0x0000019b   Thumb Code     0  startup_lpc177x_8x.o(.text)
    TIMER0_IRQHandler                        0x0000019b   Thumb Code     0  startup_lpc177x_8x.o(.text)
    TIMER1_IRQHandler                        0x0000019b   Thumb Code     0  startup_lpc177x_8x.o(.text)
    TIMER2_IRQHandler                        0x0000019b   Thumb Code     0  startup_lpc177x_8x.o(.text)
    TIMER3_IRQHandler                        0x0000019b   Thumb Code     0  startup_lpc177x_8x.o(.text)
    UART0_IRQHandler                         0x0000019b   Thumb Code     0  startup_lpc177x_8x.o(.text)
    UART1_IRQHandler                         0x0000019b   Thumb Code     0  startup_lpc177x_8x.o(.text)
    UART2_IRQHandler                         0x0000019b   Thumb Code     0  startup_lpc177x_8x.o(.text)
    UART3_IRQHandler                         0x0000019b   Thumb Code     0  startup_lpc177x_8x.o(.text)
    UART4_IRQHandler                         0x0000019b   Thumb Code     0  startup_lpc177x_8x.o(.text)
    USBActivity_IRQHandler                   0x0000019b   Thumb Code     0  startup_lpc177x_8x.o(.text)
    USB_IRQHandler                           0x0000019b   Thumb Code     0  startup_lpc177x_8x.o(.text)
    WDT_IRQHandler                           0x0000019b   Thumb Code     0  startup_lpc177x_8x.o(.text)
    __user_initial_stackheap                 0x0000019d   Thumb Code     0  startup_lpc177x_8x.o(.text)
    __use_two_region_memory                  0x000001c1   Thumb Code     2  heapauxi.o(.text)
    __rt_heap_escrow$2region                 0x000001c3   Thumb Code     2  heapauxi.o(.text)
    __rt_heap_expand$2region                 0x000001c5   Thumb Code     2  heapauxi.o(.text)
    __user_libspace                          0x000001c9   Thumb Code     8  libspace.o(.text)
    __user_perproc_libspace                  0x000001c9   Thumb Code     0  libspace.o(.text)
    __user_perthread_libspace                0x000001c9   Thumb Code     0  libspace.o(.text)
    __user_setup_stackheap                   0x000001d1   Thumb Code    74  sys_stackheap_outer.o(.text)
    exit                                     0x0000021b   Thumb Code    18  exit.o(.text)
    _sys_exit                                0x0000022d   Thumb Code     8  sys_exit.o(.text)
    __I$use$semihosting                      0x00000239   Thumb Code     0  use_no_semi.o(.text)
    __use_no_semihosting_swi                 0x00000239   Thumb Code     2  use_no_semi.o(.text)
    __semihosting_library_function           0x0000023b   Thumb Code     0  indicate_semi.o(.text)
    SystemInit                               0x0000023d   Thumb Code   142  system_lpc177x_8x.o(i.SystemInit)
    main                                     0x000002d5   Thumb Code    20  main.o(i.main)
    sonic_init                               0x000002e9   Thumb Code    14  sonic.o(i.sonic_init)
    clr_pixel                                0x00000301   Thumb Code    50  lcd.o(i.clr_pixel)
    clr_rectangle                            0x00000339   Thumb Code    56  lcd.o(i.clr_rectangle)
    draw_rectangle                           0x00000371   Thumb Code   140  lcd.o(i.draw_rectangle)
    lcd_clr                                  0x000003fd   Thumb Code    46  lcd.o(i.lcd_clr)
    lcd_init                                 0x0000042d   Thumb Code   206  lcd.o(i.lcd_init)
    lcd_rdy                                  0x00000509   Thumb Code    38  lcd.o(i.lcd_rdy)
    send_cmd                                 0x00000535   Thumb Code    20  lcd.o(i.send_cmd)
    send_d1_cmd                              0x0000054d   Thumb Code    38  lcd.o(i.send_d1_cmd)
    send_d2_cmd                              0x00000579   Thumb Code    50  lcd.o(i.send_d2_cmd)
    set_pixel                                0x000005b1   Thumb Code    50  lcd.o(i.set_pixel)
    sonic_measure                            0x000005e9   Thumb Code   174  sonic.o(i.sonic_measure)
    Region$$Table$$Base                      0x0000069c   Number         0  anon$$obj.o(Region$$Table)
    Region$$Table$$Limit                     0x000006bc   Number         0  anon$$obj.o(Region$$Table)
    lcd_data                                 0x10000000   Data           4  lcd.o(.data)
    lcd_cmd                                  0x10000004   Data           4  lcd.o(.data)
    table                                    0x10000008   Data           8  lcd.o(.data)
    __libspace_start                         0x10000010   Data          96  libspace.o(.bss)
    __temporary_stack_top$libspace           0x10000070   Data           0  libspace.o(.bss)



==============================================================================

Memory Map of the image

  Image Entry point : 0x000000e5

  Load Region LR_IROM1 (Base: 0x00000000, Size: 0x000006cc, Max: 0x00080000, ABSOLUTE)

    Execution Region ER_IROM1 (Exec base: 0x00000000, Load base: 0x00000000, Size: 0x000006bc, Max: 0x00080000, ABSOLUTE)

    Exec Addr    Load Addr    Size         Type   Attr      Idx    E Section Name        Object

    0x00000000   0x00000000   0x000000e4   Data   RO            3    RESET               startup_lpc177x_8x.o
    0x000000e4   0x000000e4   0x00000008   Code   RO          255  * !!!main             c_w.l(__main.o)
    0x000000ec   0x000000ec   0x00000034   Code   RO          495    !!!scatter          c_w.l(__scatter.o)
    0x00000120   0x00000120   0x0000001a   Code   RO          497    !!handler_copy      c_w.l(__scatter_copy.o)
    0x0000013a   0x0000013a   0x00000002   PAD
    0x0000013c   0x0000013c   0x0000001c   Code   RO          499    !!handler_zi        c_w.l(__scatter_zi.o)
    0x00000158   0x00000158   0x00000002   Code   RO          364    .ARM.Collect$$libinit$$00000000  c_w.l(libinit.o)
    0x0000015a   0x0000015a   0x00000000   Code   RO          370    .ARM.Collect$$libinit$$00000002  c_w.l(libinit2.o)
    0x0000015a   0x0000015a   0x00000000   Code   RO          372    .ARM.Collect$$libinit$$00000004  c_w.l(libinit2.o)
    0x0000015a   0x0000015a   0x00000000   Code   RO          375    .ARM.Collect$$libinit$$0000000A  c_w.l(libinit2.o)
    0x0000015a   0x0000015a   0x00000000   Code   RO          377    .ARM.Collect$$libinit$$0000000C  c_w.l(libinit2.o)
    0x0000015a   0x0000015a   0x00000000   Code   RO          379    .ARM.Collect$$libinit$$0000000E  c_w.l(libinit2.o)
    0x0000015a   0x0000015a   0x00000000   Code   RO          382    .ARM.Collect$$libinit$$00000011  c_w.l(libinit2.o)
    0x0000015a   0x0000015a   0x00000000   Code   RO          384    .ARM.Collect$$libinit$$00000013  c_w.l(libinit2.o)
    0x0000015a   0x0000015a   0x00000000   Code   RO          386    .ARM.Collect$$libinit$$00000015  c_w.l(libinit2.o)
    0x0000015a   0x0000015a   0x00000000   Code   RO          388    .ARM.Collect$$libinit$$00000017  c_w.l(libinit2.o)
    0x0000015a   0x0000015a   0x00000000   Code   RO          390    .ARM.Collect$$libinit$$00000019  c_w.l(libinit2.o)
    0x0000015a   0x0000015a   0x00000000   Code   RO          392    .ARM.Collect$$libinit$$0000001B  c_w.l(libinit2.o)
    0x0000015a   0x0000015a   0x00000000   Code   RO          394    .ARM.Collect$$libinit$$0000001D  c_w.l(libinit2.o)
    0x0000015a   0x0000015a   0x00000000   Code   RO          396    .ARM.Collect$$libinit$$0000001F  c_w.l(libinit2.o)
    0x0000015a   0x0000015a   0x00000000   Code   RO          398    .ARM.Collect$$libinit$$00000021  c_w.l(libinit2.o)
    0x0000015a   0x0000015a   0x00000000   Code   RO          400    .ARM.Collect$$libinit$$00000023  c_w.l(libinit2.o)
    0x0000015a   0x0000015a   0x00000000   Code   RO          402    .ARM.Collect$$libinit$$00000025  c_w.l(libinit2.o)
    0x0000015a   0x0000015a   0x00000000   Code   RO          406    .ARM.Collect$$libinit$$0000002C  c_w.l(libinit2.o)
    0x0000015a   0x0000015a   0x00000000   Code   RO          408    .ARM.Collect$$libinit$$0000002E  c_w.l(libinit2.o)
    0x0000015a   0x0000015a   0x00000000   Code   RO          410    .ARM.Collect$$libinit$$00000030  c_w.l(libinit2.o)
    0x0000015a   0x0000015a   0x00000000   Code   RO          412    .ARM.Collect$$libinit$$00000032  c_w.l(libinit2.o)
    0x0000015a   0x0000015a   0x00000002   Code   RO          413    .ARM.Collect$$libinit$$00000033  c_w.l(libinit2.o)
    0x0000015c   0x0000015c   0x00000002   Code   RO          435    .ARM.Collect$$libshutdown$$00000000  c_w.l(libshutdown.o)
    0x0000015e   0x0000015e   0x00000000   Code   RO          448    .ARM.Collect$$libshutdown$$00000002  c_w.l(libshutdown2.o)
    0x0000015e   0x0000015e   0x00000000   Code   RO          450    .ARM.Collect$$libshutdown$$00000004  c_w.l(libshutdown2.o)
    0x0000015e   0x0000015e   0x00000000   Code   RO          453    .ARM.Collect$$libshutdown$$00000007  c_w.l(libshutdown2.o)
    0x0000015e   0x0000015e   0x00000000   Code   RO          456    .ARM.Collect$$libshutdown$$0000000A  c_w.l(libshutdown2.o)
    0x0000015e   0x0000015e   0x00000000   Code   RO          458    .ARM.Collect$$libshutdown$$0000000C  c_w.l(libshutdown2.o)
    0x0000015e   0x0000015e   0x00000000   Code   RO          461    .ARM.Collect$$libshutdown$$0000000F  c_w.l(libshutdown2.o)
    0x0000015e   0x0000015e   0x00000002   Code   RO          462    .ARM.Collect$$libshutdown$$00000010  c_w.l(libshutdown2.o)
    0x00000160   0x00000160   0x00000000   Code   RO          291    .ARM.Collect$$rtentry$$00000000  c_w.l(__rtentry.o)
    0x00000160   0x00000160   0x00000000   Code   RO          331    .ARM.Collect$$rtentry$$00000002  c_w.l(__rtentry2.o)
    0x00000160   0x00000160   0x00000006   Code   RO          343    .ARM.Collect$$rtentry$$00000004  c_w.l(__rtentry4.o)
    0x00000166   0x00000166   0x00000000   Code   RO          333    .ARM.Collect$$rtentry$$00000009  c_w.l(__rtentry2.o)
    0x00000166   0x00000166   0x00000004   Code   RO          334    .ARM.Collect$$rtentry$$0000000A  c_w.l(__rtentry2.o)
    0x0000016a   0x0000016a   0x00000000   Code   RO          336    .ARM.Collect$$rtentry$$0000000C  c_w.l(__rtentry2.o)
    0x0000016a   0x0000016a   0x00000008   Code   RO          337    .ARM.Collect$$rtentry$$0000000D  c_w.l(__rtentry2.o)
    0x00000172   0x00000172   0x00000002   Code   RO          367    .ARM.Collect$$rtexit$$00000000  c_w.l(rtexit.o)
    0x00000174   0x00000174   0x00000000   Code   RO          417    .ARM.Collect$$rtexit$$00000002  c_w.l(rtexit2.o)
    0x00000174   0x00000174   0x00000004   Code   RO          418    .ARM.Collect$$rtexit$$00000003  c_w.l(rtexit2.o)
    0x00000178   0x00000178   0x00000006   Code   RO          419    .ARM.Collect$$rtexit$$00000004  c_w.l(rtexit2.o)
    0x0000017e   0x0000017e   0x00000002   PAD
    0x00000180   0x00000180   0x00000040   Code   RO            5    .text               startup_lpc177x_8x.o
    0x000001c0   0x000001c0   0x00000006   Code   RO          253    .text               c_w.l(heapauxi.o)
    0x000001c6   0x000001c6   0x00000002   PAD
    0x000001c8   0x000001c8   0x00000008   Code   RO          352    .text               c_w.l(libspace.o)
    0x000001d0   0x000001d0   0x0000004a   Code   RO          355    .text               c_w.l(sys_stackheap_outer.o)
    0x0000021a   0x0000021a   0x00000012   Code   RO          357    .text               c_w.l(exit.o)
    0x0000022c   0x0000022c   0x0000000c   Code   RO          427    .text               c_w.l(sys_exit.o)
    0x00000238   0x00000238   0x00000002   Code   RO          438    .text               c_w.l(use_no_semi.o)
    0x0000023a   0x0000023a   0x00000000   Code   RO          440    .text               c_w.l(indicate_semi.o)
    0x0000023a   0x0000023a   0x00000002   PAD
    0x0000023c   0x0000023c   0x00000098   Code   RO           26    i.SystemInit        system_lpc177x_8x.o
    0x000002d4   0x000002d4   0x00000014   Code   RO           70    i.main              main.o
    0x000002e8   0x000002e8   0x00000014   Code   RO          227    i.sonic_init        sonic.o
    0x000002fc   0x000002fc   0x00000004   Code   RO            4    .ARM.__at_0x02FC    startup_lpc177x_8x.o
    0x00000300   0x00000300   0x00000038   Code   RO          120    i.clr_pixel         lcd.o
    0x00000338   0x00000338   0x00000038   Code   RO          121    i.clr_rectangle     lcd.o
    0x00000370   0x00000370   0x0000008c   Code   RO          123    i.draw_rectangle    lcd.o
    0x000003fc   0x000003fc   0x0000002e   Code   RO          125    i.lcd_clr           lcd.o
    0x0000042a   0x0000042a   0x00000002   PAD
    0x0000042c   0x0000042c   0x000000dc   Code   RO          126    i.lcd_init          lcd.o
    0x00000508   0x00000508   0x0000002c   Code   RO          128    i.lcd_rdy           lcd.o
    0x00000534   0x00000534   0x00000018   Code   RO          131    i.send_cmd          lcd.o
    0x0000054c   0x0000054c   0x0000002c   Code   RO          132    i.send_d1_cmd       lcd.o
    0x00000578   0x00000578   0x00000038   Code   RO          133    i.send_d2_cmd       lcd.o
    0x000005b0   0x000005b0   0x00000038   Code   RO          134    i.set_pixel         lcd.o
    0x000005e8   0x000005e8   0x000000b4   Code   RO          228    i.sonic_measure     sonic.o
    0x0000069c   0x0000069c   0x00000020   Data   RO          493    Region$$Table       anon$$obj.o


    Execution Region RW_IRAM1 (Exec base: 0x10000000, Load base: 0x000006bc, Size: 0x00000670, Max: 0x00010000, ABSOLUTE)

    Exec Addr    Load Addr    Size         Type   Attr      Idx    E Section Name        Object

    0x10000000   0x000006bc   0x00000010   Data   RW          135    .data               lcd.o
    0x10000010        -       0x00000060   Zero   RW          353    .bss                c_w.l(libspace.o)
    0x10000070        -       0x00000400   Zero   RW            2    HEAP                startup_lpc177x_8x.o
    0x10000470        -       0x00000200   Zero   RW            1    STACK               startup_lpc177x_8x.o


==============================================================================

Image component sizes


      Code (inc. data)   RO Data    RW Data    ZI Data      Debug   Object Name

         0          0          0          0          0       4508   core_cm3.o
       742         48          0         16          0       6658   lcd.o
        20          0          0          0          0       1036   main.o
       200         12          0          0          0       1181   sonic.o
        68         30        228          0       1536        996   startup_lpc177x_8x.o
       152         10          0          0          0        525   system_lpc177x_8x.o

    ----------------------------------------------------------------------
      1184        100        260         16       1536      14904   Object Totals
         0          0         32          0          0          0   (incl. Generated)
         2          0          0          0          0          0   (incl. Padding)

    ----------------------------------------------------------------------

      Code (inc. data)   RO Data    RW Data    ZI Data      Debug   Library Member Name

         8          0          0          0          0         68   __main.o
         0          0          0          0          0          0   __rtentry.o
        12          0          0          0          0          0   __rtentry2.o
         6          0          0          0          0          0   __rtentry4.o
        52          8          0          0          0          0   __scatter.o
        26          0          0          0          0          0   __scatter_copy.o
        28          0          0          0          0          0   __scatter_zi.o
        18          0          0          0          0         80   exit.o
         6          0          0          0          0        152   heapauxi.o
         0          0          0          0          0          0   indicate_semi.o
         2          0          0          0          0          0   libinit.o
         2          0          0          0          0          0   libinit2.o
         2          0          0          0          0          0   libshutdown.o
         2          0          0          0          0          0   libshutdown2.o
         8          4          0          0         96         68   libspace.o
         2          0          0          0          0          0   rtexit.o
        10          0          0          0          0          0   rtexit2.o
        12          4          0          0          0         68   sys_exit.o
        74          0          0          0          0         80   sys_stackheap_outer.o
         2          0          0          0          0         68   use_no_semi.o

    ----------------------------------------------------------------------
       280         16          0          0         96        584   Library Totals
         8          0          0          0          0          0   (incl. Padding)

    ----------------------------------------------------------------------

      Code (inc. data)   RO Data    RW Data    ZI Data      Debug   Library Name

       272         16          0          0         96        584   c_w.l

    ----------------------------------------------------------------------
       280         16          0          0         96        584   Library Totals

    ----------------------------------------------------------------------

==============================================================================


      Code (inc. data)   RO Data    RW Data    ZI Data      Debug   

      1464        116        260         16       1632      14808   Grand Totals
      1464        116        260         16       1632      14808   ELF Image Totals
      1464        116        260         16          0          0   ROM Totals

==============================================================================

    Total RO  Size (Code + RO Data)                 1724 (   1.68kB)
    Total RW  Size (RW Data + ZI Data)              1648 (   1.61kB)
    Total ROM Size (Code + RO Data + RW Data)       1740 (   1.70kB)

==============================================================================

