<html>
<body>
<pre>
<h1>µVision Build Log</h1>
<h2>Tool Versions:</h2>
IDE-Version: µVision V5.24.2.0
Copyright (C) 2017 ARM Ltd and ARM Germany GmbH. All rights reserved.
License Information: Udo Schader, Hochschule Coburg, LIC=PF8PE-5XDA0-XEQHI-RNTWV-95MI8-37TFM
 
Tool Versions:
Toolchain:       MDK-ARM Essential  Version: 5.24.1
Toolchain Path:  C:\Keil_v5\ARM\ARMCC\Bin
C Compiler:      Armcc.exe V5.06 update 5 (build 528)
Assembler:       Armasm.exe V5.06 update 5 (build 528)
Linker/Locator:  ArmLink.exe V5.06 update 5 (build 528)
Library Manager: ArmAr.exe V5.06 update 5 (build 528)
Hex Converter:   FromElf.exe V5.06 update 5 (build 528)
CPU DLL:         SARMCM3.DLL V5.24.1
Dialog DLL:      DARMP1.DLL V1.27.0.0
Target DLL:      UL2CM3.DLL V1.160.3.0
Dialog DLL:      TARMP1.DLL V1.26.0.0
 
<h2>Project:</h2>
D:\felsecker_gutmair_schwarzmann\aeisy\blinky\blinky.uvproj
Project File Date:  04/26/2018

<h2>Output:</h2>
*** Using Compiler 'V5.06 update 5 (build 528)', folder: 'C:\Keil_v5\ARM\ARMCC\Bin'
Rebuild target 'Target 1'
assembling startup_LPC177x_8x.s...
compiling core_cm3.c...
compiling main.c...
sonic.h(8): warning:  #1295-D: Deprecated declaration sonic_init - give arg types
  void sonic_init();
main.c(43): warning:  #128-D: loop is not reachable
  	while(1);		
main.c(10): warning:  #177-D: variable "i"  was declared but never referenced
  	uint16_t i;
main.c(28): warning:  #177-D: variable "a"  was declared but never referenced
  	point a = {.x = 10, .y = 1};
main.c(29): warning:  #177-D: variable "b"  was declared but never referenced
  	point b = {.x = 240, .y  = 128};
main.c(30): warning:  #177-D: variable "c"  was declared but never referenced
  	point c = {.x = 120, .y = 0};
main.c(31): warning:  #177-D: variable "m"  was declared but never referenced
  	point m = {.x = 120, .y = 64};
main.c: 7 warnings, 0 errors
compiling sonic.c...
sonic.h(8): warning:  #1295-D: Deprecated declaration sonic_init - give arg types
  void sonic_init();
sonic.c: 1 warning, 0 errors
compiling system_LPC177x_8x.c...
compiling lcd.c...
linking...
Program Size: Code=1464 RO-data=260 RW-data=16 ZI-data=1632  
".\Objects\blinky.axf" - 0 Error(s), 8 Warning(s).
Build Time Elapsed:  00:00:00
</pre>
</body>
</html>
